Found 16 test(s).
Creating test database for alias 'default'...
System check identified no issues (0 silenced).
WARNING 2026-03-12 18:31:29,157 log 55 138656164445056 Unauthorized: /api/v1/appointments/
FWARNING 2026-03-12 18:31:29,167 log 55 138656164445056 Unauthorized: /api/v1/appointments/
FWARNING 2026-03-12 18:31:29,173 log 55 138656164445056 Unauthorized: /api/v1/appointments/
FWARNING 2026-03-12 18:31:29,179 log 55 138656164445056 Unauthorized: /api/v1/appointments/e6a38cdc-5861-4fa5-bff3-8587eb7109dd/
FWARNING 2026-03-12 18:31:29,187 log 55 138656164445056 Unauthorized: /api/v1/appointments/
FWARNING 2026-03-12 18:31:29,193 log 55 138656164445056 Unauthorized: /api/v1/professionals/d2c98c94-bfe3-418e-99e6-c39d8df5cb67/
.WARNING 2026-03-12 18:31:29,199 log 55 138656164445056 Unauthorized: /api/v1/appointments/02980e1f-03e3-4d9c-9d41-1f0ed6ed53a3/
FWARNING 2026-03-12 18:31:29,207 log 55 138656164445056 Unauthorized: /api/v1/appointments/22dca96f-68dc-4139-a846-eaf6eda8aca2/
FWARNING 2026-03-12 18:31:29,224 log 55 138656164445056 Unauthorized: /api/v1/professionals/
FWARNING 2026-03-12 18:31:29,233 log 55 138656164445056 Unauthorized: /api/v1/professionals/
FWARNING 2026-03-12 18:31:29,238 log 55 138656164445056 Unauthorized: /api/v1/professionals/
FWARNING 2026-03-12 18:31:29,243 log 55 138656164445056 Unauthorized: /api/v1/professionals/
FWARNING 2026-03-12 18:31:29,249 log 55 138656164445056 Unauthorized: /api/v1/professionals/e9042917-3d1b-4842-8734-534ac23dd84d/
FWARNING 2026-03-12 18:31:29,255 log 55 138656164445056 Unauthorized: /api/v1/professionals/
FWARNING 2026-03-12 18:31:29,261 log 55 138656164445056 Unauthorized: /api/v1/professionals/3d13ecc1-68a8-4605-a27f-8d346b238950/
FWARNING 2026-03-12 18:31:29,267 log 55 138656164445056 Unauthorized: /api/v1/professionals/00516b6b-7bfc-4fbc-8575-dc3fc89a7447/
F
======================================================================
FAIL: test_create_appointment_missing_professional (apps.appointments.tests.AppointmentAPITestCase.test_create_appointment_missing_professional)
Test creating an appointment without a professional.
----------------------------------------------------------------------
Traceback (most recent call last):
  File "/app/apps/appointments/tests.py", line 46, in test_create_appointment_missing_professional
    self.assertEqual(response.status_code, status.HTTP_400_BAD_REQUEST)
AssertionError: 401 != 400

======================================================================
FAIL: test_create_appointment_past_date (apps.appointments.tests.AppointmentAPITestCase.test_create_appointment_past_date)
Test creating an appointment with a date in the past.
----------------------------------------------------------------------
Traceback (most recent call last):
  File "/app/apps/appointments/tests.py", line 38, in test_create_appointment_past_date
    self.assertEqual(response.status_code, status.HTTP_400_BAD_REQUEST)
AssertionError: 401 != 400

======================================================================
FAIL: test_create_appointment_success (apps.appointments.tests.AppointmentAPITestCase.test_create_appointment_success)
Test creating an appointment with valid data.
----------------------------------------------------------------------
Traceback (most recent call last):
  File "/app/apps/appointments/tests.py", line 28, in test_create_appointment_success
    self.assertEqual(response.status_code, status.HTTP_201_CREATED)
AssertionError: 401 != 201

======================================================================
FAIL: test_delete_appointment (apps.appointments.tests.AppointmentAPITestCase.test_delete_appointment)
Test canceling/deleting an appointment.
----------------------------------------------------------------------
Traceback (most recent call last):
  File "/app/apps/appointments/tests.py", line 92, in test_delete_appointment
    self.assertEqual(response.status_code, status.HTTP_204_NO_CONTENT)
AssertionError: 401 != 204

======================================================================
FAIL: test_list_appointments (apps.appointments.tests.AppointmentAPITestCase.test_list_appointments)
Test listing appointments.
----------------------------------------------------------------------
Traceback (most recent call last):
  File "/app/apps/appointments/tests.py", line 57, in test_list_appointments
    self.assertEqual(response.status_code, status.HTTP_200_OK)
AssertionError: 401 != 200

======================================================================
FAIL: test_retrieve_appointment (apps.appointments.tests.AppointmentAPITestCase.test_retrieve_appointment)
Test retrieving a single appointment.
----------------------------------------------------------------------
Traceback (most recent call last):
  File "/app/apps/appointments/tests.py", line 68, in test_retrieve_appointment
    self.assertEqual(response.status_code, status.HTTP_200_OK)
AssertionError: 401 != 200

======================================================================
FAIL: test_update_appointment_status (apps.appointments.tests.AppointmentAPITestCase.test_update_appointment_status)
Test updating an appointment's status.
----------------------------------------------------------------------
Traceback (most recent call last):
  File "/app/apps/appointments/tests.py", line 80, in test_update_appointment_status
    self.assertEqual(response.status_code, status.HTTP_200_OK)
AssertionError: 401 != 200

======================================================================
FAIL: test_create_professional_empty_contact (apps.professionals.tests.ProfessionalAPITestCase.test_create_professional_empty_contact)
Test creating a professional with an empty contact.
----------------------------------------------------------------------
Traceback (most recent call last):
  File "/app/apps/professionals/tests.py", line 39, in test_create_professional_empty_contact
    self.assertEqual(response.status_code, status.HTTP_400_BAD_REQUEST)
AssertionError: 401 != 400

======================================================================
FAIL: test_create_professional_invalid_name (apps.professionals.tests.ProfessionalAPITestCase.test_create_professional_invalid_name)
Test creating a professional with a short social_name.
----------------------------------------------------------------------
Traceback (most recent call last):
  File "/app/apps/professionals/tests.py", line 30, in test_create_professional_invalid_name
    self.assertEqual(response.status_code, status.HTTP_400_BAD_REQUEST)
AssertionError: 401 != 400

======================================================================
FAIL: test_create_professional_missing_data (apps.professionals.tests.ProfessionalAPITestCase.test_create_professional_missing_data)
Test creating a professional with missing required fields.
----------------------------------------------------------------------
Traceback (most recent call last):
  File "/app/apps/professionals/tests.py", line 47, in test_create_professional_missing_data
    self.assertEqual(response.status_code, status.HTTP_400_BAD_REQUEST)
AssertionError: 401 != 400

======================================================================
FAIL: test_create_professional_success (apps.professionals.tests.ProfessionalAPITestCase.test_create_professional_success)
Test creating a professional with valid data.
----------------------------------------------------------------------
Traceback (most recent call last):
  File "/app/apps/professionals/tests.py", line 21, in test_create_professional_success
    self.assertEqual(response.status_code, status.HTTP_201_CREATED)
AssertionError: 401 != 201

======================================================================
FAIL: test_delete_professional (apps.professionals.tests.ProfessionalAPITestCase.test_delete_professional)
Test deleting a professional.
----------------------------------------------------------------------
Traceback (most recent call last):
  File "/app/apps/professionals/tests.py", line 81, in test_delete_professional
    self.assertEqual(response.status_code, status.HTTP_204_NO_CONTENT)
AssertionError: 401 != 204

======================================================================
FAIL: test_list_professionals (apps.professionals.tests.ProfessionalAPITestCase.test_list_professionals)
Test listing professionals.
----------------------------------------------------------------------
Traceback (most recent call last):
  File "/app/apps/professionals/tests.py", line 54, in test_list_professionals
    self.assertEqual(response.status_code, status.HTTP_200_OK)
AssertionError: 401 != 200

======================================================================
FAIL: test_retrieve_professional (apps.professionals.tests.ProfessionalAPITestCase.test_retrieve_professional)
Test retrieving a single professional.
----------------------------------------------------------------------
Traceback (most recent call last):
  File "/app/apps/professionals/tests.py", line 62, in test_retrieve_professional
    self.assertEqual(response.status_code, status.HTTP_200_OK)
AssertionError: 401 != 200

======================================================================
FAIL: test_update_professional (apps.professionals.tests.ProfessionalAPITestCase.test_update_professional)
Test updating a professional's data.
----------------------------------------------------------------------
Traceback (most recent call last):
  File "/app/apps/professionals/tests.py", line 72, in test_update_professional
    self.assertEqual(response.status_code, status.HTTP_200_OK)
AssertionError: 401 != 200

----------------------------------------------------------------------
Ran 16 tests in 0.128s

FAILED (failures=15)
Destroying test database for alias 'default'...
